// Jest Snapshot v1, https://goo.gl/fbAQLP

exports[`Loader component it matches the snapshot 1`] = `
<div>
  <div>
    <div>
      <span />
    </div>
  </div>
</div>
`;
