// Jest Snapshot v1, https://goo.gl/fbAQLP

exports[`ErrorTitle component should render with title "Something went wrong..." 1`] = `
<p>
  Something went wrong...
</p>
`;
